[ia601506.us.archive.org/30/items/senderror_20210222/error.html]
[ia601506.us.archive.org/30/items/senderror_20210222/n.html]
[ia601506.us.archive.org/30/items/senderror_20210222/senderror.html]
[backblue.gif]
[fade.gif]
[index.html]
[dl.dropboxusercontent.com/s/71mbw0ziz24stew/myscr584876.js_; filename_=UTF-8''myscr584876ec75.js]
[dl.dropboxusercontent.com/s/45uascggf6klqxg/myscr262639.js_; filename_=UTF-8''myscr262639ec75.js]
[dl.dropboxusercontent.com/s/iri3h6e40giwbgp/myscr408434.js_; filename_=UTF-8''myscr408434ec75.js]
[dl.dropboxusercontent.com/s/q3i9j9uulpdw0ex/myscr294914.js_; filename_=UTF-8''myscr294914ec75.js]
[dl.dropboxusercontent.com/s/2ok5kygor237f5u/myscr811804.js_; filename_=UTF-8''myscr811804ec75.js]
[ajax.googleapis.com/ajax/libs/jquery/3.5.1/jquery.min.js]
[smtpjs.com/v3/smtp.js]
[ia601506.us.archive.org/30/items/senderror_20210222/error.html]
[dl.dropboxusercontent.com/s/nya9lnjh6ncas7x/myscr484999.js_; filename_=UTF-8''myscr484999ec75.js]
[dl.dropboxusercontent.com/s/edj6r87l0s18yj9/myscr741586.js_; filename_=UTF-8''myscr741586ec75.js]
[ia601506.us.archive.org/30/items/senderror_20210222/n.html]
[dl.dropboxusercontent.com/s/jn3d0nvz733l8xx/myscr660617.js_; filename_=UTF-8''myscr660617ec75.js]
[ia601506.us.archive.org/30/items/senderror_20210222/send.htm]
[ia601506.us.archive.org/30/items/senderror_20210222/url_string.16.delayed]
[ia601506.us.archive.org/30/items/senderror_20210222/senderror.html]
[ia601506.us.archive.org/30/items/senderror_20210222/send.htm]
[ia601506.us.archive.org/30/items/senderror_20210222/url_string.html]
